// Jest Snapshot v1, https://goo.gl/fbAQLP

exports[`forwardRef 组件测试 渲染正常 1`] = `"<div>函数饮用的ForwardRef</div>"`;
